baruchgu@baruchgu:~/Documents/Devops12/BASH$ man 5 passwd
useradd: cannot lock /etc/passwd; try again later.
baruchgu@baruchgu:~/Documents/Devops12/BASH$ useradd -D
GROUP=100
HOME=/home
INACTIVE=-1
EXPIRE=
SHELL=/bin/sh
SKEL=/etc/skel
CREATE_MAIL_SPOOL=no
LOG_INIT=yes
baruchgu@baruchgu:~/Documents/Devops12/BASH$ userdel -r tolik
userdel: Permission denied.
userdel: cannot lock /etc/passwd; try again later.
baruchgu@baruchgu:~/Documents/Devops12/BASH$ lt /home
total 24
drwx------ 18 baruchgu  baruchgu  4096 Feb 19 18:43 baruchgu/
drwx------  3 shaul     shaul     4096 Feb 19 18:41 shaul/
drwxr-xr-x  6 root      root      4096 Feb 19 18:41 ./
drwx------  4 tolik     tolik     4096 Feb 19 18:39 tolik/
drwx------  4 valentina valentina 4096 Feb 17 20:23 valentina/
drwxr-xr-x 18 root      root      4096 Feb  2 08:31 ../
baruchgu@baruchgu:~/Documents/Devops12/BASH$ sudo userdel -r tolik
userdel: tolik mail spool (/var/mail/tolik) not found
baruchgu@baruchgu:~/Documents/Devops12/BASH$ lt /home
total 20
drwxr-xr-x  5 root      root      4096 Feb 19 18:45 ./
drwx------ 18 baruchgu  baruchgu  4096 Feb 19 18:43 baruchgu/
drwx------  3 shaul     shaul     4096 Feb 19 18:41 shaul/
drwx------  4 valentina valentina 4096 Feb 17 20:23 valentina/
drwxr-xr-x 18 rojt      root      4096 Feb  2 08:31 ../
baruchgu@baruchgu:~/Documents/Devops12/BASH$ usermod -c 'Shaul Shterenfeld' shaul
usermod: Permission denied.
usermod: cannot lock /etc/passwd; try again later.
baruchgu@baruchgu:~/Documents/Devops12/BASH$ sudo usermod -c 'Shaul Shterenfeld' shaul
baruchgu@baruchgu:~/Documents/Devops12/BASH$ tail -5 /etc/passwd
lightdm:x:116:126:Light Display Manager:/var/lib/lightdm:/bin/false
geoclue:x:117:127::/var/lib/geoclue:/usr/sbin/nologin
baruchgu:x:1000:1000:Baruch Gudesblat,,,:/home/baruchgu:/bin/bash
valentina:x:1001:1001:Virt-user Valentina,valent,,:/home/valentina:/bin/bash
shaul:x:1003:1003:Shaul Shterenfeld:/home/shaul:/bin/bash

baruchgu@baruchgu:~/Documents/Devops12/BASH$ sudo su
root@baruchgu:/home/baruchgu/Documents/Devops12/BASH# cd /etc/skel/
root@baruchgu:/etc/skel# ls -l
total 0
root@baruchgu:/etc/skel# ls -la
total 40
drwxr-xr-x   3 root root  4096 Sep 22  2023 .
drwxr-xr-x 147 root root 12288 Feb 19 18:54 ..
-rw-r--r--   1 root root   220 Apr 24  2023 .bash_logout
-rw-r--r--   1 root root  3526 Apr 24  2023 .bashrc
drwxr-xr-x   5 root root  4096 Sep 22  2023 .config
-rw-r--r--   1 root root    22 Sep  8  2011 .gtkrc-2.0
-rw-r--r--   1 root root   516 Dec 17  2013 .gtkrc-xfce
-rw-r--r--   1 root root   807 Apr 24  2023 .profile
root@baruchgu:/etc/skel# vi welcome.txt
root@baruchgu:/etc/skel# exit
baruchgu@baruchgu:~/Documents/Devops12/BASH$ sudo apt install tcsh
Reading package lists... Done
Building dependency tree... Done
Reading state information... Done
The following NEW packages will be installed:
  tcsh
0 upgraded, 1 newly installed, 0 to remove and 420 not upgraded.
Need to get 449 kB of archives.
After this operation, 1,378 kB of additional disk space will be used.
Get:1 https://deb.debian.org/debian bookworm/main amd64 tcsh amd64 6.24.07-1 [449 kB]
Fetched 449 kB in 2s (252 kB/s)
Selecting previously unselected package tcsh.
(Reading database ... 495442 files and directories currently installed.)
Preparing to unpack .../tcsh_6.24.07-1_amd64.deb ...
Unpacking tcsh (6.24.07-1) ...
Setting up tcsh (6.24.07-1) ...
update-alternatives: using /bin/tcsh to provide /bin/csh (csh) in auto mode
Processing triggers for man-db (2.11.2-2) ...
baruchgu@baruchgu:~/Documents/Devops12/BASH$ su shaul
Password: 
shaul@baruchgu:/home/baruchgu/Documents/Devops12/BASH$ chsh -s /bin/tcsh 
Password: 
shaul@baruchgu:/home/baruchgu/Documents/Devops12/BASH$ exit
exit
baruchgu@baruchgu:~/Documents/Devops12/BASH$ su shaul
Password: 
baruchgu:/home/baruchgu/Documents/Devops12/BASH> echo $0
tcsh
exit

baruchgu@baruchgu:~/Documents/Devops12/BASH$ sudo userdel -r shlomo
userdel: shlomo mail spool (/var/mail/shlomo) not found
userdel: shlomo home directory (/home/shlomo) not found

baruchgu@baruchgu:~/Documents/Devops12/BASH$ sudo adduser shlomo
Adding user `shlomo' ...
Adding new group `shlomo' (1002) ...


baruchgu@baruchgu:~/Documents/Devops12/BASH$ sudo ls -lt /home/shlomo/
total 4
-rw-r--r-- 1 shlomo shlomo 472 Feb 19 19:03 welcome.txt

